
> frontend@0.0.0 test
> vitest run


[1m[30m[46m RUN [49m[39m[22m [36mv4.1.4 [39m[90mC:/Users/matheus.lampugnani/MoneyBoard[39m

 [32mÔ£ô[39m src/services/transaction.service.test.js [2m([22m[2m4 tests[22m[2m)[22m[32m 6[2mms[22m[39m
 [32mÔ£ô[39m src/services/api.test.js [2m([22m[2m3 tests[22m[2m)[22m[32m 4[2mms[22m[39m
 [32mÔ£ô[39m src/services/auth.service.test.js [2m([22m[2m3 tests[22m[2m)[22m[32m 5[2mms[22m[39m
 [32mÔ£ô[39m src/context/AuthContext.test.jsx [2m([22m[2m3 tests[22m[2m)[22m[32m 55[2mms[22m[39m
node.exe : [90mstderr[2m | src/hooks/useApiData.test.jsx[2m > [22m[2museApiData hook[2m > [22m[2mshould 
initially be loading with no data and no error
No C:\Program Files\nodejs\npm.ps1:29 caractere:3
+   & $NODE_EXE $NPM_CLI_JS $args
+   ~~~~~~~~~~~~~~~~~~~~~~~~~~~~~
    + CategoryInfo          : NotSpecified: ([90mstderr[2m...ta and no error:String) [], RemoteException
    + FullyQualifiedErrorId : NativeCommandError
 
[22m[39mErro ao buscar dados de endpoint: TypeError: Cannot read properties of undefined (reading 'data')
    at C:/Users/matheus.lampugnani/MoneyBoard/src/hooks/useApiData.jsx:30:24
[90m    at processTicksAndRejections (node:internal/process/task_queues:105:5)[39m
An update to TestComponent inside a test was not wrapped in act(...).

When testing, code that causes React state updates should be wrapped into act(...):

act(() => {
  /* fire events that update state */
});
/* assert on the output */

This ensures that you're testing the behavior the user would see in the browser. Learn more at 
https://react.dev/link/wrap-tests-with-act
An update to TestComponent inside a test was not wrapped in act(...).

When testing, code that causes React state updates should be wrapped into act(...):

act(() => {
  /* fire events that update state */
});
/* assert on the output */

This ensures that you're testing the behavior the user would see in the browser. Learn more at 
https://react.dev/link/wrap-tests-with-act

 [31mÔØ»[39m src/hooks/useApiData.test.jsx [2m([22m[2m4 tests[22m[2m | [22m[31m1 failed[39m[2m)[22m[32m 189[2mms[22m[39m
     [32mÔ£ô[39m should initially be loading with no data and no error[32m 14[2mms[22m[39m
     [32mÔ£ô[39m should fetch data successfully[32m 75[2mms[22m[39m
     [32mÔ£ô[39m should handle API error[32m 78[2mms[22m[39m
[31m     [31m├ù[31m should not fetch if endpoint is null/empty[39m[32m 19[2mms[22m[39m
 [32mÔ£ô[39m src/components/common/Button.test.jsx [2m([22m[2m3 tests[22m[2m)[22m[32m 45[2mms[22m[39m
 [32mÔ£ô[39m src/components/common/Input.test.jsx [2m([22m[2m3 tests[22m[2m)[22m[32m 51[2mms[22m[39m
 [32mÔ£ô[39m src/components/common/Modal.test.jsx [2m([22m[2m4 tests[22m[2m)[22m[32m 178[2mms[22m[39m
 [31mÔØ»[39m src/components/layout/Sidebar.test.jsx [2m([22m[2m2 tests[22m[2m | [22m[31m1 failed[39m[2m)[22m[32m 87[2mms[22m[39m
     [32mÔ£ô[39m should render standard menu items for regular user[32m 48[2mms[22m[39m
[31m     [31m├ù[31m should render CricasTech menu items for Cricas user[39m[32m 37[2mms[22m[39m
 [31mÔØ»[39m src/pages/DashboardPage.test.jsx [2m([22m[2m4 tests[22m[2m | [22m[31m1 failed[39m[2m)[22m[32m 172[2mms[22m[39m
[31m     [31m├ù[31m should show loading state initially[39m[32m 103[2mms[22m[39m
     [32mÔ£ô[39m should render personal dashboard successfully[32m 21[2mms[22m[39m
     [32mÔ£ô[39m should render cricastech dashboard successfully[32m 33[2mms[22m[39m
     [32mÔ£ô[39m should show error message if fetch fails[32m 12[2mms[22m[39m
[90mstderr[2m | src/components/layout/Header.test.jsx[2m > [22m[2mHeader component[2m > [22m[2mshould call 
logout when exit button is clicked
[22m[39mAn update to DropdownMenu inside a test was not wrapped in act(...).

When testing, code that causes React state updates should be wrapped into act(...):

act(() => {
  /* fire events that update state */
});
/* assert on the output */

This ensures that you're testing the behavior the user would see in the browser. Learn more at 
https://react.dev/link/wrap-tests-with-act

 [31mÔØ»[39m src/components/layout/Header.test.jsx [2m([22m[2m2 tests[22m[2m | [22m[31m1 failed[39m[2m)[22m[32m 170[2mms[22m[39m
[31m     [31m├ù[31m should render username correctly[39m[32m 44[2mms[22m[39m
     [32mÔ£ô[39m should call logout when exit button is clicked[32m 123[2mms[22m[39m
 [32mÔ£ô[39m src/pages/LoginPage.test.jsx [2m([22m[2m3 tests[22m[2m)[22m[32m 235[2mms[22m[39m

[31mÔÄ»ÔÄ»ÔÄ»ÔÄ»ÔÄ»ÔÄ»ÔÄ»[39m[1m[41m Failed Tests 4 [49m[22m[31mÔÄ»ÔÄ»ÔÄ»ÔÄ»ÔÄ»ÔÄ»ÔÄ»[39m

[41m[1m FAIL [22m[49m src/hooks/useApiData.test.jsx[2m > [22museApiData hook[2m > [22mshould not fetch if 
endpoint is null/empty
[31m[1mAssertionError[22m: expected "vi.fn()" to not be called at all, but actually been called 3 times[90m

Received:

[1m  1st vi.fn() call:

[22m    Array [
      "endpoint",
    ]

[1m  2nd vi.fn() call:

[22m    Array [
      "/items",
    ]

[1m  3rd vi.fn() call:

[22m    Array [
      "/items",
    ]
[31m[90m

Number of calls: [1m3[22m
[31m[39m
[36m [2mÔØ»[22m src/hooks/useApiData.test.jsx:[2m58:25[22m[39m
    [90m 56|[39m     })[33m;[39m
    [90m 57|[39m
    [90m 58|[39m     
[34mexpect[39m(api[33m.[39m[35mget[39m)[33m.[39mnot[33m.[39m[34mtoHaveBeenCalled[39m()[33m;[39m
    [90m   |[39m                         [31m^[39m
    [90m 59|[39m     
[34mexpect[39m(result[33m.[39mcurrent[33m.[39mdata)[33m.[39m[34mtoBeNull[39m()[33m;[39m
    [90m 60|[39m   })[33m;[39m

[31m[2mÔÄ»ÔÄ»ÔÄ»ÔÄ»ÔÄ»ÔÄ»ÔÄ»ÔÄ»ÔÄ»ÔÄ»ÔÄ»ÔÄ»ÔÄ»ÔÄ»ÔÄ»ÔÄ»ÔÄ»ÔÄ»ÔÄ»ÔÄ»ÔÄ»ÔÄ»ÔÄ»ÔÄ»[1/4]ÔÄ»[22m[39m

[41m[1m FAIL [22m[49m src/pages/DashboardPage.test.jsx[2m > [22mDashboardPage[2m > [22mshould show loading 
state initially
[31m[1mTestingLibraryElementError[22m: Unable to find an accessible element with the role "status"

There are no accessible roles. But there might be some inaccessible roles. If you wish to access them, then set the 
`hidden` option to `true`. Learn more about this here: 
https://testing-library.com/docs/dom-testing-library/api-queries#byrole

Ignored nodes: comments, script, style
[36m<body>[31m
  [36m<div>[31m
    [36m<div[31m
      [33mclass[31m=[32m"text-center py-5"[31m
    [36m>[31m
      [36m<div[31m
        [33mclass[31m=[32m"spinner-border text-primary"[31m
      [36m/>[31m
    [36m</div>[31m
  [36m</div>[31m
[36m</body>[31m[39m
[90m [2mÔØ»[22m Object.getElementError node_modules/@testing-library/dom/dist/config.js:[2m37:19[22m[39m
[90m [2mÔØ»[22m node_modules/@testing-library/dom/dist/query-helpers.js:[2m76:38[22m[39m
[90m [2mÔØ»[22m node_modules/@testing-library/dom/dist/query-helpers.js:[2m52:17[22m[39m
[90m [2mÔØ»[22m node_modules/@testing-library/dom/dist/query-helpers.js:[2m95:19[22m[39m
[36m [2mÔØ»[22m src/pages/DashboardPage.test.jsx:[2m41:19[22m[39m
    [90m 39|[39m
    [90m 40|[39m     [34mrender[39m([33m<[39m[33mDashboardPage[39m [33m/[39m[33m>[39m)[33m;[39m
    [90m 41|[39m     expect(screen.getByRole('status')).toBeInTheDocument(); // SpinnerÔÇª
    [90m   |[39m                   [31m^[39m
    [90m 42|[39m   })[33m;[39m
    [90m 43|[39m

[31m[2mÔÄ»ÔÄ»ÔÄ»ÔÄ»ÔÄ»ÔÄ»ÔÄ»ÔÄ»ÔÄ»ÔÄ»ÔÄ»ÔÄ»ÔÄ»ÔÄ»ÔÄ»ÔÄ»ÔÄ»ÔÄ»ÔÄ»ÔÄ»ÔÄ»ÔÄ»ÔÄ»ÔÄ»[2/4]ÔÄ»[22m[39m

[41m[1m FAIL [22m[49m src/components/layout/Header.test.jsx[2m > [22mHeader component[2m > [22mshould render 
username correctly
[31m[1mTestingLibraryElementError[22m: Found multiple elements with the text: Jo├úo Silva

Here are the matching elements:

Ignored nodes: comments, script, style
[36m<h6[31m
  [33mclass[31m=[32m"mb-0 fw-bold text-dark"[31m
[36m>[31m
  [0mJo├úo Silva[0m
[36m</h6>[31m

Ignored nodes: comments, script, style
[36m<p[31m
  [33mclass[31m=[32m"user-name-text mb-0"[31m
[36m>[31m
  [0mJo├úo Silva[0m
[36m</p>[31m

(If this is intentional, then use the `*AllBy*` variant of the query (like `queryAllByText`, `getAllByText`, or 
`findAllByText`)).

Ignored nodes: comments, script, style
[36m<body>[31m
  [36m<div>[31m
    [36m<header[31m
      [33mclass[31m=[32m"main-header shadow-sm"[31m
    [36m>[31m
      [36m<div[31m
        [33mclass[31m=[32m"d-flex align-items-center justify-content-between px-4 py-2 container-fluid"[31m
      [36m>[31m
        [36m<div[31m
          [33mclass[31m=[32m"d-none d-md-block"[31m
        [36m>[31m
          [36m<span[31m
            [33mclass[31m=[32m"text-muted small"[31m
          [36m>[31m
            [0mBem-vindo de volta,[0m
          [36m</span>[31m
          [36m<h6[31m
            [33mclass[31m=[32m"mb-0 fw-bold text-dark"[31m
          [36m>[31m
            [0mJo├úo Silva[0m
          [36m</h6>[31m
        [36m</div>[31m
        [36m<div[31m
          [33mclass[31m=[32m"d-flex align-items-center gap-3"[31m
        [36m>[31m
          [36m<a[31m
            [33mclass[31m=[32m"text-muted p-2 hover-bg-light rounded-circle nav-link"[31m
            [33mhref[31m=[32m"#"[31m
            [33mrole[31m=[32m"button"[31m
            [33mtabindex[31m=[32m"0"[31m
          [36m>[31m
            [36m<svg[31m
              [33maria-hidden[31m=[32m"true"[31m
              [33mclass[31m=[32m"lucide lucide-bell"[31m
              [33mfill[31m=[32m"none"[31m
              [33mheight[31m=[32m"20"[31m
              [33mstroke[31m=[32m"currentColor"[31m
              [33mstroke-linecap[31m=[32m"round"[31m
              [33mstroke-linejoin[31m=[32m"round"[31m
              [33mstroke-width[31m=[32m"2"[31m
              [33mviewBox[31m=[32m"0 0 24 24"[31m
              [33mwidth[31m=[32m"20"[31m
              [33mxmlns[31m=[32m"http://www.w3.org/2000/svg"[31m
            [36m>[31m
              [36m<path[31m
                [33md[31m=[32m"M10.268 21a2 2 0 0 0 3.464 0"[31m
              [36m/>[31m
              [36m<path[31m
                [33md[31m=[32m"M3.262 15.326A1 1 0 0 0 4 17h16a1 1 0 0 0 .74-1.673C19.41 13.956 18 12.499 18 8A6 6 
0 0 0 6 8c0 4.499-1.411 5.956-2.738 7.326"[31m
              [36m/>[31m
            [36m</svg>[31m
          [36m</a>[31m
          [36m<div[31m
            [33mclass[31m=[32m"header-divider mx-2"[31m
          [36m/>[31m
          [36m<div[31m
            [33mclass[31m=[32m"dropdown"[31m
          [36m>[31m
            [36m<button[31m
              [33maria-expanded[31m=[32m"false"[31m
              [33mclass[31m=[32m"d-flex align-items-center p-0 text-decoration-none border-0 custom-dropdown-toggle 
dropdown-toggle btn btn-link"[31m
              [33mid[31m=[32m"dropdown-user"[31m
              [33mtype[31m=[32m"button"[31m
            [36m>[31m
              [36m<div[31m
                [33mclass[31m=[32m"user-avatar-circle bg-primary text-white me-2"[31m
              [36m>[31m
                [0mJ[0m
              [36m</div>[31m
              [36m<div[31m
                [33mclass[31m=[32m"d-none d-sm-block text-start me-2"[31m
              [36m>[31m
                [36m<p[31m
                  [33mclass[31m=[32m"user-name-text mb-0"[31m
                [36m>[31m
                  [0mJo├úo Silva[0m
                [36m</p>[31m
                [36m<small[31m
                  [33mclass[31m=[32m"user-status-text"[31m
                [36m>[31m
                  [0mOnline[0m
                [36m</small>[31m
              [36m</div>[31m
            [36m</button>[31m
          [36m</div>[31m
        [36m</div>[31m
      [36m</div>[31m
    [36m</header>[31m
  [36m</div>[31m
[36m</body>[31m[39m
[90m [2mÔØ»[22m Object.getElementError node_modules/@testing-library/dom/dist/config.js:[2m37:19[22m[39m
[90m [2mÔØ»[22m getElementError node_modules/@testing-library/dom/dist/query-helpers.js:[2m20:35[22m[39m
[90m [2mÔØ»[22m getMultipleElementsFoundError 
node_modules/@testing-library/dom/dist/query-helpers.js:[2m23:10[22m[39m
[90m [2mÔØ»[22m node_modules/@testing-library/dom/dist/query-helpers.js:[2m55:13[22m[39m
[90m [2mÔØ»[22m node_modules/@testing-library/dom/dist/query-helpers.js:[2m95:19[22m[39m
[36m [2mÔØ»[22m src/components/layout/Header.test.jsx:[2m19:19[22m[39m
    [90m 17|[39m
    [90m 18|[39m     [34mrender[39m([33m<[39m[33mHeader[39m [33m/[39m[33m>[39m)[33m;[39m
    [90m 19|[39m     [34mexpect[39m(screen[33m.[39m[34mgetByText[39m([32m'Jo├úo 
Silva'[39m))[33m.[39m[34mtoBeInTheDocument[39m()[33m;[39m
    [90m   |[39m                   [31m^[39m
    [90m 20|[39m   })[33m;[39m
    [90m 21|[39m

[31m[2mÔÄ»ÔÄ»ÔÄ»ÔÄ»ÔÄ»ÔÄ»ÔÄ»ÔÄ»ÔÄ»ÔÄ»ÔÄ»ÔÄ»ÔÄ»ÔÄ»ÔÄ»ÔÄ»ÔÄ»ÔÄ»ÔÄ»ÔÄ»ÔÄ»ÔÄ»ÔÄ»ÔÄ»[3/4]ÔÄ»[22m[39m

[41m[1m FAIL [22m[49m src/components/layout/Sidebar.test.jsx[2m > [22mSidebar component[2m > [22mshould render 
CricasTech menu items for Cricas user
[31m[1mTestingLibraryElementError[22m[39m: Unable to find an element with the text: CricasTech. This could be 
because the text is broken up by multiple elements. In this case, you can provide a function for your text matcher to 
make your matcher more flexible.

Ignored nodes: comments, script, style
[36m<body>[39m
  [36m<div>[39m
    [36m<div[39m
      [33mclass[39m=[32m"d-md-none sidebar-overlay"[39m
    [36m/>[39m
    [36m<aside[39m
      [33mclass[39m=[32m"sidebar bg-dark text-white open"[39m
    [36m>[39m
      [36m<div[39m
        [33mclass[39m=[32m"sidebar-header d-flex align-items-center justify-content-between p-3 border-bottom 
border-secondary"[39m
      [36m>[39m
        [36m<div[39m
          [33mclass[39m=[32m"d-flex align-items-center"[39m
        [36m>[39m
          [36m<div[39m
            [33mclass[39m=[32m"d-flex align-items-center"[39m
          [36m>[39m
            [36m<img[39m
              [33malt[39m=[32m"CricasTech Logo"[39m
              [33mclass[39m=[32m"me-2"[39m
              [33msrc[39m=[32m"/src/assets/cricas-logo.jpeg"[39m
              [33mstyle[39m=[32m"height: 42px; width: 42px; object-fit: cover; border-radius: 10px; box-shadow: 0 
4px 12px rgba(0, 0, 0, 0.3); border: 1px solid rgba(255, 255, 255, 0.1);"[39m
            [36m/>[39m
            [36m<div>[39m
              [36m<h1[39m
                [33mclass[39m=[32m"h5 mb-0 fw-bold text-white text-uppercase"[39m
                [33mstyle[39m=[32m"letter-spacing: 1px; font-size: 1rem;"[39m
              [36m>[39m
                [0mCricas [0m
                [36m<span[39m
                  [33mclass[39m=[32m"text-primary"[39m
                [36m>[39m
                  [0mTech[0m
                [36m</span>[39m
              [36m</h1>[39m
            [36m</div>[39m
          [36m</div>[39m
        [36m</div>[39m
        [36m<button[39m
          [33maria-label[39m=[32m"Close"[39m
          [33mclass[39m=[32m"btn-close btn-close-white d-md-none"[39m
          [33mtype[39m=[32m"button"[39m
        [36m/>[39m
      [36m</div>[39m
      [36m<div[39m
        [33mclass[39m=[32m"flex-column p-3 nav"[39m
      [36m>[39m
        [36m<div[39m
          [33mclass[39m=[32m"nav-item"[39m
        [36m>[39m
          [36m<a[39m
            [33maria-current[39m=[32m"page"[39m
            [33mclass[39m=[32m"d-flex align-items-center py-2 px-3 my-1 rounded text-decoration-none nav-link 
active"[39m
            [33mdata-discover[39m=[32m"true"[39m
            [33mhref[39m=[32m"/"[39m
          [36m>[39m
            [36m<svg[39m
              [33maria-hidden[39m=[32m"true"[39m
              [33mclass[39m=[32m"lucide lucide-layout-dashboard me-3"[39m
              [33mfill[39m=[32m"none"[39m
              [33mheight[39m=[32m"20"[39m
              [33mstroke[39m=[32m"currentColor"[39m
              [33mstroke-linecap[39m=[32m"round"[39m
              [33mstroke-linejoin[39m=[32m"round"[39m
              [33mstroke-width[39m=[32m"2"[39m
              [33mviewBox[39m=[32m"0 0 24 24"[39m
              [33mwidth[39m=[32m"20"[39m
              [33mxmlns[39m=[32m"http://www.w3.org/2000/svg"[39m
            [36m>[39m
              [36m<rect[39m
                [33mheight[39m=[32m"9"[39m
                [33mrx[39m=[32m"1"[39m
                [33mwidth[39m=[32m"7"[39m
                [33mx[39m=[32m"3"[39m
                [33my[39m=[32m"3"[39m
              [36m/>[39m
              [36m<rect[39m
                [33mheight[39m=[32m"5"[39m
                [33mrx[39m=[32m"1"[39m
                [33mwidth[39m=[32m"7"[39m
                [33mx[39m=[32m"14"[39m
                [33my[39m=[32m"3"[39m
              [36m/>[39m
              [36m<rect[39m
                [33mheight[39m=[32m"9"[39m
                [33mrx[39m=[32m"1"[39m
                [33mwidth[39m=[32m"7"[39m
                [33mx[39m=[32m"14"[39m
                [33my[39m=[32m"12"[39m
              [36m/>[39m
              [36m<rect[39m
                [33mheight[39m=[32m"5"[39m
                [33mrx[39m=[32m"1"[39m
                [33mwidth[39m=[32m"7"[39m
                [33mx[39m=[32m"3"[39m
                [33my[39m=[32m"16"[39m
              [36m/>[39m
            [36m</svg>[39m
            [36m<span>[39m
              [0mDashboard[0m
            [36m</span>[39m
          [36m</a>[39m
        [36m</div>[39m
        [36m<div[39m
          [33mclass[39m=[32m"nav-item"[39m
        [36m>[39m
          [36m<a[39m
            [33mclass[39m=[32m"d-flex align-items-center py-2 px-3 my-1 rounded text-decoration-none nav-link"[39m
            [33mdata-discover[39m=[32m"true"[39m
            [33mhref[39m=[32m"/categories"[39m
          [36m>[39m
            [36m<svg[39m
              [33maria-hidden[39m=[32m"true"[39m
              [33mclass[39m=[32m"lucide lucide-shapes me-3"[39m
              [33mfill[39m=[32m"none"[39m
              [33mheight[39m=[32m"20"[39m
              [33mstroke[39m=[32m"currentColor"[39m
              [33mstroke-linecap[39m=[32m"round"[39m
              [33mstroke-linejoin[39m=[32m"round"[39m
              [33mstroke-width[39m=[32m"2"[39m
              [33mviewBox[39m=[32m"0 0 24 24"[39m
              [33mwidth[39m=[32m"20"[39m
              [33mxmlns[39m=[32m"http://www.w3.org/2000/svg"[39m
            [36m>[39m
              [36m<path[39m
                [33md[39m=[32m"M8.3 10a.7.7 0 0 1-.626-1.079L11.4 3a.7.7 0 0 1 1.198-.043L16.3 8.9a.7.7 0 0 1-.572 
1.1Z"[39m
              [36m/>[39m
              [36m<rect[39m
                [33mheight[39m=[32m"7"[39m
                [33mrx[39m=[32m"1"[39m
                [33mwidth[39m=[32m"7"[39m
                [33mx[39m=[32m"3"[39m
                [33my[39m=[32m"14"[39m
              [36m/>[39m
              [36m<circle[39m
                [33mcx[39m=[32m"17.5"[39m
                [33mcy[39m=[32m"17.5"[39m
                [33mr[39m=[32m"3.5"[39m
              [36m/>[39m
            [36m</svg>[39m
            [36m<span>[39m
              [0mCategorias[0m
            [36m</span>[39m
          [36m</a>[39m
        [36m</div>[39m
        [36m<div[39m
          [33mclass[39m=[32m"nav-item"[39m
        [36m>[39m
          [36m<a[39m
            [33mclass[39m=[32m"d-flex align-items-center py-2 px-3 my-1 rounded text-decoration-none nav-link"[39m
            [33mdata-discover[39m=[32m"true"[39m
            [33mhref[39m=[32m"/inventory"[39m
          [36m>[39m
            [36m<svg[39m
              [33maria-hidden[39m=[32m"true"[39m
              [33mclass[39m=[32m"lucide lucide-package me-3"[39m
              [33mfill[39m=[32m"none"[39m
              [33mheight[39m=[32m"20"[39m
              [33mstroke[39m=[32m"currentColor"[39m
              [33mstroke-linecap[39m=[32m"round"[39m
              [33mstroke-linejoin[39m=[32m"round"[39m
              [33mstroke-width[39m=[32m"2"[39m
              [33mviewBox[39m=[32m"0 0 24 24"[39m
              [33mwidth[39m=[32m"20"[39m
              [33mxmlns[39m=[32m"http://www.w3.org/2000/svg"[39m
            [36m>[39m
              [36m<path[39m
                [33md[39m=[32m"M11 21.73a2 2 0 0 0 2 0l7-4A2 2 0 0 0 21 16V8a2 2 0 0 0-1-1.73l-7-4a2 2 0 0 0-2 0l-7 
4A2 2 0 0 0 3 8v8a2 2 0 0 0 1 1.73z"[39m
              [36m/>[39m
              [36m<path[39m
                [33md[39m=[32m"M12 22V12"[39m
              [36m/>[39m
              [36m<polyline[39m
                [33mpoints[39m=[32m"3.29 7 12 12 20.71 7"[39m
              [36m/>[39m
              [36m<path[39m
                [33md[39m=[32m"m7.5 4.27 9 5.15"[39m
              [36m/>[39m
            [36m</svg>[39m
            [36m<span>[39m
              [0mMeu Estoque[0m
            [36m</span>[39m
          [36m</a>[39m
        [36m</div>[39m
        [36m<div[39m
          [33mclass[39m=[32m"nav-item"[39m
        [36m>[39m
          [36m<a[39m
            [33mclass[39m=[32m"d-flex align-items-center py-2 px-3 my-1 rounded text-decoration-none nav-link"[39m
            [33mdata-discover[39m=[32m"true"[39m
            [33mhref[39m=[32m"/sold"[39m
          [36m>[39m
            [36m<svg[39m
              [33maria-hidden[39m=[32m"true"[39m
              [33mclass[39m=[32m"lucide lucide-shopping-bag me-3"[39m
              [33mfill[39m=[32m"none"[39m
              [33mheight[39m=[32m"20"[39m
              [33mstroke[39m=[32m"currentColor"[39m
              [33mstroke-linecap[39m=[32m"round"[39m
              [33mstroke-linejoin[39m=[32m"round"[39m
              [33mstroke-width[39m=[32m"2"[39m
              [33mviewBox[39m=[32m"0 0 24 24"[39m
              [33mwidth[39m=[32m"20"[39m
              [33mxmlns[39m=[32m"http://www.w3.org/2000/svg"[39m
            [36m>[39m
              [36m<path[39m
                [33md[39m=[32m"M16 10a4 4 0 0 1-8 0"[39m
              [36m/>[39m
              [36m<path[39m
                [33md[39m=[32m"M3.103 6.034h17.794"[39m
              [36m/>[39m
              [36m<path[39m
                [33md[39m=[32m"M3.4 5.467a2 2 0 0 0-.4 1.2V20a2 2 0 0 0 2 2h14a2 2 0 0 0 2-2V6.667a2 2 0 0 
0-.4-1.2l-2-2.667A2 2 0 0 0 17 2H7a2 2 0 0 0-1.6.8z"[39m
              [36m/>[39m
            [36m</svg>[39m
            [36m<span>[39m
              [0mProdutos Vendidos[0m
            [36m</span>[39m
          [36m</a>[39m
        [36m</div>[39m
        [36m<div[39m
          [33mclass[39m=[32m"nav-item"[39m
        [36m>[39m
          [36m<a[39m
            [33mclass[39m=[32m"d-flex align-items-center py-2 px-3 my-1 rounded text-decoration-none nav-link"[39m
            [33mdata-discover[39m=[32m"true"[39m
            [33mhref[39m=[32m"/new-sale"[39m
          [36m>[39m
            [36m<svg[39m
              [33maria-hidden[39m=[32m"true"[39m
              [33mclass[39m=[32m"lucide lucide-tag me-3"[39m
              [33mfill[39m=[32m"none"[39m
              [33mheight[39m=[32m"20"[39m
              [33mstroke[39m=[32m"currentColor"[39m
              [33mstroke-linecap[39m=[32m"round"[39m
              [33mstroke-linejoin[39m=[32m"round"[39m
              [33mstroke-width[39m=[32m"2"[39m
              [33mviewBox[39m=[32m"0 0 24 24"[39m
              [33mwidth[39m=[32m"20"[39m
              [33mxmlns[39m=[32m"http://www.w3.org/2000/svg"[39m
            [36m>[39m
              [36m<path[39m
                [33md[39m=[32m"M12.586 2.586A2 2 0 0 0 11.172 2H4a2 2 0 0 0-2 2v7.172a2 2 0 0 0 .586 1.414l8.704 
8.704a2.426 2.426 0 0 0 3.42 0l6.58-6.58a2.426 2.426 0 0 0 0-3.42z"[39m
              [36m/>[39m
              [36m<circle[39m
                [33mcx[39m=[32m"7.5"[39m
                [33mcy[39m=[32m"7.5"[39m
                [33mfill[39m=[32m"currentColor"[39m
                [33mr[39m=[32m".5"[39m
              [36m/>[39m
            [36m</svg>[39m
            [36m<span>[39m
              [0mRegistrar Venda[0m
            [36m</span>[39m
          [36m</a>[39m
        [36m</div>[39m

[2m Test Files [22m [1m[31m4 failed[39m[22m[2m | [22m[1m[32m8 passed[39m[22m[90m (12)[39m
[2m      Tests [22m [1m[31m4 failed[39m[22m[2m | [22m[1m[32m34 passed[39m[22m[90m (38)[39m
[2m   Start at [22m 13:47:04
[2m   Duration [22m 25.16s[2m (transform 2.28s, setup 20.10s, import 46.78s, tests 1.20s, environment 198.99s)[22m

        [36m<div[39m
          [33mclass[39m=[32m"nav-item"[39m
        [36m>[39m
          [36m<a[39m
            [33mclass[39m=[32m"d-flex align-items-center py-2 px-3 my-1 rounded text-decoration-none nav-link"[39m
            [33mdata-discover[39m=[32m"true"[39m
            [33mhref[39m=[32m"/cash-control"[39m
          [36m>[39m
            [36m<svg[39m
              [33maria-hidden[39m=[32m"true"[39m
              [33mclass[39m=[32m"lucide lucide-banknote me-3"[39m
              [33mfill[39m=[32m"none"[39m
              [33mheight[39m=[32m"20"[39m
              [33mstroke[39m=[32m"currentColor"[39m
              [33mstroke-linecap[39m=[32m"round"[39m
              [33mstroke-linejoin[39m=[32m"round"[39m
              [33mstroke-width[39m=[32m"2"[39m
              [33mviewBox[39m=[32m"0 0 24 24"[39m
              [33mwidth[39m=[32m"20"[39m
              [33mxmlns[39m=[32m"http://www.w3.org/2000/svg"[39m
            [36m>[39m
              [36m<rect[39m
                [33mheight[39m=[32m"12"[39m
                [33mrx[39m=[32m"2"[39m
                [33mwidth[39m=[32m"20"[39m
                [33mx[39m=[32m"2"[39m
                [33my[39m=[32m"6"[39m
              [36m/>[39m
              [36m<circle[39m
                [33mcx[39m=[32m"12"[39m
                [33mcy[39m=[32m"12"[39m
                [33mr[39m=[32m"2"[39m
              [36m/>[39m
              [36m<path[39m
                [33md[39m=[32m"M6 12h.01M18 12h.01"[39m
              [36m/>[39m
            [36m</svg>[39m
            [36m<span>[39m
              [0mControle de Caixa[0m
            [36m</span>[39m
          [36m</a>[39m
        [36m</div>[39m
      [36m</div>[39m
    [36m</aside>[39m
  [36m</div>[39m
[36m</body>[39m
[90m [2mÔØ»[22m Object.getElementError node_modules/@testing-library/dom/dist/config.js:[2m37:19[22m[39m
[90m [2mÔØ»[22m node_modules/@testing-library/dom/dist/query-helpers.js:[2m76:38[22m[39m
[90m [2mÔØ»[22m node_modules/@testing-library/dom/dist/query-helpers.js:[2m52:17[22m[39m
[90m [2mÔØ»[22m node_modules/@testing-library/dom/dist/query-helpers.js:[2m95:19[22m[39m
[36m [2mÔØ»[22m src/components/layout/Sidebar.test.jsx:[2m38:19[22m[39m
    [90m 36|[39m     )[33m;[39m
    [90m 37|[39m
    [90m 38|[39m     [34mexpect[39m(screen[33m.[39m[34mgetByText[39m([32m'CricasTech'[39m))[33m.[39m[34mto
BeInTheDocument[39m()[33m;[39m
    [90m   |[39m                   [31m^[39m
    [90m 39|[39m     [34mexpect[39m(screen[33m.[39m[34mgetByText[39m([32m'Meu 
Estoque'[39m))[33m.[39m[34mtoBeInTheDocument[39m()[33m;[39m
    [90m 40|[39m     [34mexpect[39m(screen[33m.[39m[34mgetByText[39m([32m'Registrar 
Venda'[39m))[33m.[39m[34mtoBeInTheDocument[39m()[33m;[39m

[31m[2mÔÄ»ÔÄ»ÔÄ»ÔÄ»ÔÄ»ÔÄ»ÔÄ»ÔÄ»ÔÄ»ÔÄ»ÔÄ»ÔÄ»ÔÄ»ÔÄ»ÔÄ»ÔÄ»ÔÄ»ÔÄ»ÔÄ»ÔÄ»ÔÄ»ÔÄ»ÔÄ»ÔÄ»[4/4]ÔÄ»[22m[39m

